100
1 2 3 4 5 7 8 9 11 15 16 17 18 19 21 24 25 26 27 28 29 30 31 32 34 35 36 37 38 39 40 41 42 45 46 49 51 52 54 56 57 58 59 60 61 62 64 68 69 71 73 74 76 78 79 81 82 83 84 86 87 88 89 90 93 95 96 99 100 101 104 105 106 107 108 109 111 115 117 118 120 121 123 125 126 128 132 133 134 135 136 137 138 139 140 144 145 146 148 150
